// Vitest Snapshot v1, https://vitest.dev/guide/snapshot.html

exports[`should match the snapshot 1`] = `
<DocumentFragment>
  .emotion-0 {
  display: -webkit-box;
  display: -webkit-flex;
  display: -ms-flexbox;
  display: flex;
  -webkit-align-items: center;
  -webkit-box-align: center;
  -ms-flex-align: center;
  align-items: center;
  -webkit-box-pack: start;
  -ms-flex-pack: start;
  -webkit-justify-content: start;
  justify-content: start;
  padding: 0;
  border: 0;
}

.emotion-1 {
  display: grid;
  grid-template-rows: auto;
  grid-template-columns: auto 1fr;
  grid-gap: 0.25rem;
  -webkit-align-items: center;
  -webkit-box-align: center;
  -ms-flex-align: center;
  align-items: center;
  -webkit-box-pack: start;
  -ms-flex-pack: start;
  -webkit-justify-content: start;
  justify-content: start;
}

.emotion-2 {
  display: -webkit-box;
  display: -webkit-flex;
  display: -ms-flexbox;
  display: flex;
  -webkit-align-items: center;
  -webkit-box-align: center;
  -ms-flex-align: center;
  align-items: center;
  -webkit-box-pack: center;
  -ms-flex-pack: center;
  -webkit-justify-content: center;
  justify-content: center;
  width: 2rem;
  height: 2rem;
}

.emotion-3 {
  overflow: hidden;
  text-overflow: ellipsis;
  white-space: nowrap;
}

<div
    class="fui-FluentProvider fui-FluentProvider_r_0_ ___jdtuxv0_17k0bs4 f19n0e5 fxugw4r f1o700av fk6fouc fkhj508 figsok6 f1i3iumi"
    dir="ltr"
  >
    <button
      aria-label="Markdown.md"
      class="fui-Button r1f29ykk emotion-0 ___1936867_1dyyxi7 f1c21dwh f1p3nwhy f11589ue f1q5o8ev f1pdflbu fkfq4zb fjxutwb f1s2uweq fr80ssc f1ukrpxl fecsdlb f139oj5f ft1hn21 fuxngvv fkoldzo fhvnf4x fb6swo4 f1klyf7k f232fm2 f1l983o9 f1nhwcv0 f1gm6xmp fxoo9op f1v3eptx f1i0gk12 fd4bjan"
      tabindex="-1"
      type="button"
    >
      <div
        class="emotion-1"
      >
        <div
          class="emotion-2"
        >
          <div
            data-testid="test-Icon"
          />
        </div>
        <span
          class="fui-Text emotion-3 ___c56hd20_1xy0w11 fk6fouc fkhj508 f1i3iumi figsok6 fpgzoln f1w7gpdv f6juhto f1gl81tg f2jf649"
        >
          Markdown.md
        </span>
      </div>
    </button>
  </div>
</DocumentFragment>
`;
