// Jest Snapshot v1, https://goo.gl/fbAQLP

exports[`should create a shapshot 1`] = `
<DocumentFragment>
  .emotion-0 {
  display: -webkit-box;
  display: -webkit-flex;
  display: -ms-flexbox;
  display: flex;
  -webkit-box-flex-flow: column;
  -webkit-flex-flow: column;
  -ms-flex-flow: column;
  flex-flow: column;
  min-width: 100%;
  min-height: 100svh;
}

.emotion-1 {
  display: -webkit-box;
  display: -webkit-flex;
  display: -ms-flexbox;
  display: flex;
  -webkit-box-flex-flow: row;
  -webkit-flex-flow: row;
  -ms-flex-flow: row;
  flex-flow: row;
  -webkit-align-items: center;
  -webkit-box-align: center;
  -ms-flex-align: center;
  align-items: center;
  -webkit-box-pack: end;
  -ms-flex-pack: end;
  -webkit-justify-content: end;
  justify-content: end;
  width: 100%;
  height: 2.5rem;
  padding: 0 1rem;
}

.emotion-2 {
  font-size: 1rem;
  line-height: 1rem;
}

.emotion-3 {
  display: -webkit-box;
  display: -webkit-flex;
  display: -ms-flexbox;
  display: flex;
  -webkit-box-flex-flow: column;
  -webkit-flex-flow: column;
  -ms-flex-flow: column;
  flex-flow: column;
  min-height: calc(100svh - 5rem);
}

.emotion-4 {
  display: -webkit-box;
  display: -webkit-flex;
  display: -ms-flexbox;
  display: flex;
  -webkit-box-flex-flow: column;
  -webkit-flex-flow: column;
  -ms-flex-flow: column;
  flex-flow: column;
  -webkit-align-items: center;
  -webkit-box-align: center;
  -ms-flex-align: center;
  align-items: center;
  -webkit-box-pack: center;
  -ms-flex-pack: center;
  -webkit-justify-content: center;
  justify-content: center;
  background: linear-gradient(#e8dede, #f1ebeb);
}

.emotion-5 {
  display: grid;
}

@media all and (width <= 960px) {
  .emotion-5 {
    grid-template-rows: auto auto;
    grid-template-columns: auto;
    grid-gap: 2rem;
    padding: 2rem;
  }
}

@media not all and (width <= 960px) {
  .emotion-5 {
    grid-template-rows: auto;
    grid-template-columns: auto auto;
    grid-gap: 4rem;
    padding: 2rem;
  }
}

.emotion-6 {
  display: -webkit-box;
  display: -webkit-flex;
  display: -ms-flexbox;
  display: flex;
  -webkit-box-flex-flow: column;
  -webkit-flex-flow: column;
  -ms-flex-flow: column;
  flex-flow: column;
  -webkit-align-items: center;
  -webkit-box-align: center;
  -ms-flex-align: center;
  align-items: center;
}

.emotion-7 {
  font-size: 40px;
  font-weight: bold;
  line-height: calc(40px * 1.25);
  color: #424242;
}

.emotion-8 {
  color: #424242;
}

.emotion-9 {
  padding: 3rem 0;
}

.emotion-11 {
  width: 20rem;
}

.emotion-12 {
  display: -webkit-box;
  display: -webkit-flex;
  display: -ms-flexbox;
  display: flex;
  -webkit-box-flex-flow: column;
  -webkit-flex-flow: column;
  -ms-flex-flow: column;
  flex-flow: column;
  -webkit-align-items: center;
  -webkit-box-align: center;
  -ms-flex-align: center;
  align-items: center;
  -webkit-box-pack: center;
  -ms-flex-pack: center;
  -webkit-justify-content: center;
  justify-content: center;
}

.emotion-13 {
  padding: 2rem 0;
  font-size: 24px;
  font-weight: bold;
  line-height: calc(24px * 1.25);
}

.emotion-14 {
  display: -webkit-box;
  display: -webkit-flex;
  display: -ms-flexbox;
  display: flex;
  -webkit-box-flex-flow: row;
  -webkit-flex-flow: row;
  -ms-flex-flow: row;
  flex-flow: row;
  -webkit-align-items: center;
  -webkit-box-align: center;
  -ms-flex-align: center;
  align-items: center;
  -webkit-box-pack: center;
  -ms-flex-pack: center;
  -webkit-justify-content: center;
  justify-content: center;
  min-height: 2.5rem;
  padding: 0 1rem;
}

.emotion-15 {
  padding: 0 0.25rem;
}

<div
    class="fui-FluentProvider fui-FluentProviderr0 ___jdtuxv0_17k0bs4 f19n0e5 fxugw4r f1o700av fk6fouc fkhj508 figsok6 f1i3iumi"
    dir="ltr"
  >
    <div
      class="emotion-0"
    >
      <header
        class="emotion-1"
      >
        <a
          aria-label="GitHub"
          class="fui-Button r1alrhcs ___eduuxo0_1tclg4b f1c21dwh f1p3nwhy f11589ue f1q5o8ev f1pdflbu fkfq4zb fjxutwb f1s2uweq fr80ssc f1ukrpxl fecsdlb f139oj5f ft1hn21 fuxngvv fwiml72 f1h0usnq fs4ktlq f16h9ulv fx2bmrt f1fg1p5m f1dfjoow f1j98vj9 f1tme0vf f4xjyn1 f18onu3q f9ddjv3"
          role="button"
          tabindex="0"
          title="GitHub"
        >
          <span
            class="fui-Button__icon rywnvv2 ___963sj20_1qpm2bl f1nizpg2"
          >
            <svg
              class="emotion-2"
              fill="currentColor"
              height="1em"
              role="img"
              stroke="currentColor"
              stroke-width="0"
              viewBox="0 0 24 24"
              width="1em"
              xmlns="http://www.w3.org/2000/svg"
            >
              <path
                d="M12 .297c-6.63 0-12 5.373-12 12 0 5.303 3.438 9.8 8.205 11.385.6.113.82-.258.82-.577 0-.285-.01-1.04-.015-2.04-3.338.724-4.042-1.61-4.042-1.61C4.422 18.07 3.633 17.7 3.633 17.7c-1.087-.744.084-.729.084-.729 1.205.084 1.838 1.236 1.838 1.236 1.07 1.835 2.809 1.305 3.495.998.108-.776.417-1.305.76-1.605-2.665-.3-5.466-1.332-5.466-5.93 0-1.31.465-2.38 1.235-3.22-.135-.303-.54-1.523.105-3.176 0 0 1.005-.322 3.3 1.23.96-.267 1.98-.399 3-.405 1.02.006 2.04.138 3 .405 2.28-1.552 3.285-1.23 3.285-1.23.645 1.653.24 2.873.12 3.176.765.84 1.23 1.91 1.23 3.22 0 4.61-2.805 5.625-5.475 5.92.42.36.81 1.096.81 2.22 0 1.606-.015 2.896-.015 3.286 0 .315.21.69.825.57C20.565 22.092 24 17.592 24 12.297c0-6.627-5.373-12-12-12"
              />
            </svg>
          </span>
          GitHub
        </a>
      </header>
      <main
        class="emotion-3"
      >
        <div
          class="emotion-4"
        >
          <div
            class="emotion-5"
          >
            <div
              class="emotion-6"
            >
              <h1
                class="fui-Text emotion-7 ___c56hd20_1xy0w11 fk6fouc fkhj508 f1i3iumi figsok6 fpgzoln f1w7gpdv f6juhto f1gl81tg f2jf649"
              >
                Hitofude
              </h1>
              <span
                class="fui-Text emotion-8 ___c56hd20_1xy0w11 fk6fouc fkhj508 f1i3iumi figsok6 fpgzoln f1w7gpdv f6juhto f1gl81tg f2jf649"
              >
                Online Markdown Editor for Microsoft 365
              </span>
              <div
                class="emotion-9"
              >
                <button
                  aria-label="Sign in with Microsoft account"
                  class="fui-Button r1alrhcs ___1akj6hk_ih97uj0 ffp7eso f1p3nwhy f11589ue f1q5o8ev f1pdflbu f1phragk f15wkkf3 f1s2uweq fr80ssc f1ukrpxl fecsdlb f1rq72xc fnp9lpt f1h0usnq fs4ktlq f16h9ulv fx2bmrt f1d6v5y2 f1rirnrt f1uu00uk fkvaka8 f1ux7til f9a0qzu f1lkg8j3 fkc42ay fq7113v ff1wgvm fiob0tu f1j6scgf f1x4h75k f4xjyn1 fbgcvur f1ks1yx8 f1o6qegi fcnxywj fmxjhhp f9ddjv3 f17t0x8g f194v5ow f1qgg65p fk7jm04 fhgccpy f32wu9k fu5nqqq f13prjl2 f1czftr5 f1nl83rv f12k37oa fr96u23"
                  title="Sign in with Microsoft account"
                  type="button"
                >
                  <span
                    class="fui-Button__icon rywnvv2 ___963sj20_1qpm2bl f1nizpg2"
                  >
                    <svg
                      class="emotion-2"
                      fill="currentColor"
                      height="1em"
                      role="img"
                      stroke="currentColor"
                      stroke-width="0"
                      viewBox="0 0 24 24"
                      width="1em"
                      xmlns="http://www.w3.org/2000/svg"
                    >
                      <path
                        d="M0,0H11.377V11.372H0ZM12.623,0H24V11.372H12.623ZM0,12.623H11.377V24H0Zm12.623,0H24V24H12.623"
                      />
                    </svg>
                  </span>
                  Sign in with Microsoft account
                </button>
              </div>
            </div>
            <img
              alt="Hitofude"
              class="emotion-11"
              src="/assets/images/Books.svg"
            />
          </div>
        </div>
        <div
          class="emotion-12"
        >
          <h2
            class="fui-Text emotion-13 ___c56hd20_1xy0w11 fk6fouc fkhj508 f1i3iumi figsok6 fpgzoln f1w7gpdv f6juhto f1gl81tg f2jf649"
          >
            What is Hitofude?
          </h2>
          <p
            class="fui-Text ___c56hd20_1xy0w11 fk6fouc fkhj508 f1i3iumi figsok6 fpgzoln f1w7gpdv f6juhto f1gl81tg f2jf649"
          >
            A web application that enables to you to write Markdown file via OneDrive (Personal, work or school).
          </p>
          <p
            class="fui-Text ___c56hd20_1xy0w11 fk6fouc fkhj508 f1i3iumi figsok6 fpgzoln f1w7gpdv f6juhto f1gl81tg f2jf649"
          >
            Only runs client JavaScript, no server code is executed.
          </p>
          <p
            class="fui-Text ___c56hd20_1xy0w11 fk6fouc fkhj508 f1i3iumi figsok6 fpgzoln f1w7gpdv f6juhto f1gl81tg f2jf649"
          >
            It's easy to get started. Just sign in.
          </p>
        </div>
      </main>
      <footer
        class="emotion-14"
      >
        <button
          class="fui-Link ___52mpgl0_k1g75g0 f2hkw1w f3rmtva f1ewtqcl fyind8e f1k6fduh f1w7gpdv fk6fouc fkhj508 figsok6 f1s184ao f1mk8lai fnbmjn9 f1o700av f1iuv45f f1cmlufx f9n3di6 f1ids18y f1tx3yz7 f1deo86v f1eh06m1 f1iescvh fhgqx19 f1olyrje f1p93eir f1nev41a f1ern45e f1n71otn f1h8hb77 f1deefiw"
          type="button"
        >
          Terms of Use
        </button>
        <span
          class="fui-Text emotion-15 ___c56hd20_1xy0w11 fk6fouc fkhj508 f1i3iumi figsok6 fpgzoln f1w7gpdv f6juhto f1gl81tg f2jf649"
        >
          |
        </span>
        <button
          class="fui-Link ___52mpgl0_k1g75g0 f2hkw1w f3rmtva f1ewtqcl fyind8e f1k6fduh f1w7gpdv fk6fouc fkhj508 figsok6 f1s184ao f1mk8lai fnbmjn9 f1o700av f1iuv45f f1cmlufx f9n3di6 f1ids18y f1tx3yz7 f1deo86v f1eh06m1 f1iescvh fhgqx19 f1olyrje f1p93eir f1nev41a f1ern45e f1n71otn f1h8hb77 f1deefiw"
          type="button"
        >
          Privacy Policy
        </button>
      </footer>
    </div>
  </div>
</DocumentFragment>
`;
