// Vitest Snapshot v1, https://vitest.dev/guide/snapshot.html

exports[`should match the snapshot when the folder is not undedined 1`] = `
<DocumentFragment>
  .emotion-0 {
  display: grid;
  grid-template-rows: 1rem 2rem calc(calc(100svh - 5.5rem) - 5.5rem) 2rem;
  grid-template-columns: 1fr;
  grid-gap: 0.5rem;
}

.emotion-1 {
  padding: 0 0.5rem;
  font-size: 12px;
  line-height: calc(16px * 1.25);
  text-transform: uppercase;
}

.emotion-2 {
  position: relative;
  display: grid;
}

.emotion-3 {
  display: -webkit-box;
  display: -webkit-flex;
  display: -ms-flexbox;
  display: flex;
  -webkit-flex-direction: column;
  -ms-flex-direction: column;
  flex-direction: column;
  grid-gap: 0.25rem;
  overflow: hidden auto;
}

.emotion-4 {
  display: grid;
  padding: 0 0.5rem;
}

<div
    class="fui-FluentProvider fui-FluentProviderr0 ___jdtuxv0_17k0bs4 f19n0e5 fxugw4r f1o700av fk6fouc fkhj508 figsok6 f1i3iumi"
    dir="ltr"
  >
    <div
      class="emotion-0"
    >
      <h2
        class="fui-Text emotion-1 ___c56hd20_1xy0w11 fk6fouc fkhj508 f1i3iumi figsok6 fpgzoln f1w7gpdv f6juhto f1gl81tg f2jf649"
      >
        Explorer
      </h2>
      <div
        data-testid="test-TreeHeader"
      />
      <div
        class="emotion-2"
        role="presentation"
        tabindex="-1"
      >
        <input
          accept="text/markdown,.md"
          multiple=""
          style="border: 0px; clip: rect(0px, 0px, 0px, 0px); clip-path: inset(50%); height: 1px; margin: 0px -1px -1px 0px; overflow: hidden; padding: 0px; position: absolute; width: 1px; white-space: nowrap;"
          tabindex="-1"
          type="file"
        />
        <div
          class="emotion-3"
          role="menu"
          tabindex="0"
        >
          <div
            data-testid="test-ExplorerFolderTreeItem"
          />
          <div
            data-testid="test-ExplorerFileTreeItem"
          />
        </div>
      </div>
      <div
        class="emotion-4"
      >
        <button
          aria-label="New file"
          class="fui-Button r1alrhcs ___1xubhwp_oht9j80 f1c21dwh fjxutwb fwiml72"
          title="New file"
          type="button"
        >
          <span
            class="fui-Button__icon rywnvv2 ___963sj20_1qpm2bl f1nizpg2"
          >
            <svg
              aria-hidden="true"
              class="___12fm75w_v8ls9a0 f1w7gpdv fez10in fg4l7m0"
              fill="currentColor"
              height="16"
              viewBox="0 0 16 16"
              width="16"
              xmlns="http://www.w3.org/2000/svg"
            >
              <path
                d="M8 2c.28 0 .5.22.5.5v5h5a.5.5 0 0 1 0 1h-5v5a.5.5 0 0 1-1 0v-5h-5a.5.5 0 0 1 0-1h5v-5c0-.28.22-.5.5-.5Z"
                fill="currentColor"
              />
            </svg>
          </span>
          New file
        </button>
      </div>
    </div>
  </div>
</DocumentFragment>
`;

exports[`should match the snapshot when the folder is undedined 1`] = `
<DocumentFragment>
  <div
    class="fui-FluentProvider fui-FluentProviderr1 ___jdtuxv0_17k0bs4 f19n0e5 fxugw4r f1o700av fk6fouc fkhj508 figsok6 f1i3iumi"
    dir="ltr"
  />
</DocumentFragment>
`;
